asdasdasdasdasasdasdasdasdasdasdasdasdasdas









dddddddd














D:\Nueva carpeta\ciclo III\proyecto integrador\prueba>git add.
git: 'add.' is not a git command. See 'git --help'.

The most similar command is
        add

D:\Nueva carpeta\ciclo III\proyecto integrador\prueba>git add .

D:\Nueva carpeta\ciclo III\proyecto integrador\prueba>git commit -m "hola"
[main 395c01a] hola
 4 files changed, 69 insertions(+), 2 deletions(-)
 delete mode 100644 ASPAAH/ASPAAH/README.md
 delete mode 100644 ASPAAH/README.md
 delete mode 100644 descarga.jpg
 create mode 100644 scripts.js

D:\Nueva carpeta\ciclo III\proyecto integrador\prueba>git pull
There is no tracking information for the current branch.
Please specify which branch you want to merge with.
See git-pull(1) for details.

    git pull <remote> <branch>

If you wish to set tracking information for this branch you can do so with:

    git branch --set-upstream-to=<remote>/<branch> main


D:\Nueva carpeta\ciclo III\proyecto integrador\prueba>git pull https://github.com/JhobanyT/Aspaah.git main
remote: Enumerating objects: 6, done.
remote: Counting objects: 100% (6/6), done.
remote: Compressing objects: 100% (4/4), done.
remote: Total 4 (delta 0), reused 4 (delta 0), pack-reused 0
Unpacking objects: 100% (4/4), 561 bytes | 2.00 KiB/s, done.
From https://github.com/JhobanyT/Aspaah
 * branch            main       -> FETCH_HEAD
Merge made by the 'recursive' strategy.
 Aspaah | 1 +
 1 file changed, 1 insertion(+)
 create mode 160000 Aspaah

D:\Nueva carpeta\ciclo III\proyecto integrador\prueba>git push https://github.com/JhobanyT/Aspaah.git main
Enumerating objects: 7, done.
Counting objects: 100% (7/7), done.
Delta compression using up to 4 threads
Compressing objects: 100% (4/4), done.
Writing objects: 100% (5/5), 1.35 KiB | 344.00 KiB/s, done.
Total 5 (delta 0), reused 0 (delta 0), pack-reused 0
To https://github.com/JhobanyT/Aspaah.git
   292e5ba..ff50e75  main -> main

D:\Nueva carpeta\ciclo III\proyecto integrador\prueba>git pull
There is no tracking information for the current branch.
Please specify which branch you want to merge with.
See git-pull(1) for details.

    git pull <remote> <branch>

If you wish to set tracking information for this branch you can do so with:

    git branch --set-upstream-to=<remote>/<branch> main


D:\Nueva carpeta\ciclo III\proyecto integrador\prueba>git pull https://github.com/JhobanyT/Aspaah.git main
remote: Enumerating objects: 13, done.
remote: Counting objects: 100% (13/13), done.
remote: Compressing objects: 100% (5/5), done.
remote: Total 11 (delta 3), reused 11 (delta 3), pack-reused 0
Unpacking objects: 100% (11/11), 960 bytes | 1024 bytes/s, done.
From https://github.com/JhobanyT/Aspaah
 * branch            main       -> FETCH_HEAD
Updating ff50e75..d2749ba
Fast-forward
 xd.txt | 1 +
 1 file changed, 1 insertion(+)
 create mode 100644 xd.txt

D:\Nueva carpeta\ciclo III\proyecto integrador\prueba>git add .

D:\Nueva carpeta\ciclo III\proyecto integrador\prueba>git commit -m "cambio"
[main 054cfdb] cambio
 1 file changed, 10 insertions(+)

D:\Nueva carpeta\ciclo III\proyecto integrador\prueba>git push
fatal: No configured push destination.
Either specify the URL from the command-line or configure a remote repository using

    git remote add <name> <url>

and then push using the remote name

    git push <name>


D:\Nueva carpeta\ciclo III\proyecto integrador\prueba>git remote add Aspaah https://github.com/JhobanyT/Aspaah.git

D:\Nueva carpeta\ciclo III\proyecto integrador\prueba>git push
fatal: No configured push destination.
Either specify the URL from the command-line or configure a remote repository using

    git remote add <name> <url>

and then push using the remote name

    git push <name>


D:\Nueva carpeta\ciclo III\proyecto integrador\prueba>git push Aspaah
fatal: The current branch main has no upstream branch.
To push the current branch and set the remote as upstream, use

    git push --set-upstream Aspaah main


D:\Nueva carpeta\ciclo III\proyecto integrador\prueba>git push --set-upstream Aspaah main
Enumerating objects: 5, done.
Counting objects: 100% (5/5), done.
Delta compression using up to 4 threads
Compressing objects: 100% (3/3), done.
Writing objects: 100% (3/3), 266 bytes | 266.00 KiB/s, done.
Total 3 (delta 1), reused 0 (delta 0), pack-reused 0
remote: Resolving deltas: 100% (1/1), completed with 1 local object.
To https://github.com/JhobanyT/Aspaah.git
   d2749ba..054cfdb  main -> main
Branch 'main' set up to track remote branch 'main' from 'Aspaah'.